<?xml version="1.0" encoding="utf-8"?>
<!DOCTYPE html PUBLIC '-//W3C//DTD XHTML 1.0 Strict//EN' 'http://www.w3.org/TR/xhtml1/DTD/xhtml1-strict.dtd'>
<html xmlns='http://www.w3.org/1999/xhtml' xml:lang='en' lang='en'><head><meta http-equiv="Content-Type" content="text/html; charset=utf-8" /><title>No title supplied</title><style type="text/css">div.start {
    display: inline-block;
    vertical-align: top;
    width: 60px;
}
    
div.bidtable {
    width:700px;
    padding-bottom: 20px;
}    

div.bidtable ul {
    list-style-type: none;
    margin: 0;
    padding: 0;
}

div.bidtable li ul
{
    list-style-type: none;
    margin: 0;
    padding: 0;
    margin-left: 60px;
}

div.tree {
    list-style-type: none;
    padding-bottom: 20px;
}

div.tree ul {
    list-style-type: none;
    /* vline.png */
    background: url(data:image/png;base64,iVBORw0KGgoAAAANSUhEUgAAAAEAAAAKAQMAAABPHKYJAAAAA1BMVEWIiIhYZW6zAAAACXBIWXMAAAsTAAALEwEAmpwYAAAAB3RJTUUH1ggGExMZBky19AAAAAtJREFUCNdjYMAEAAAUAAHlhrBKAAAAAElFTkSuQmCC) repeat-y;
    margin: 0;
    padding: 0;
    margin-left: 10px;
}

div.tree li.node {
    margin: 0;
    padding: 0 12px;
    line-height: 20px;
    /* node.png */
    background: url(data:image/png;base64,iVBORw0KGgoAAAANSUhEUgAAAAgAAAAUAQMAAACK1e4oAAAABlBMVEUAAwCIiIgd2JB2AAAAAXRSTlMAQObYZgAAAAlwSFlzAAALEwAACxMBAJqcGAAAAAd0SU1FB9YIBhQIJYVaFGwAAAARSURBVAjXY2hgQIf/GTDFGgDSkwqATqpCHAAAAABJRU5ErkJggg==) no-repeat;
}

div.tree td.node {
    vertical-align: top;
    width: 60px;
}

div.tree li.last {
    /* lastnode.png */
    background: #fff url(data:image/png;base64,iVBORw0KGgoAAAANSUhEUgAAAAgAAAAUAQMAAACK1e4oAAAABlBMVEUAAwCIiIgd2JB2AAAAAXRSTlMAQObYZgAAAAlwSFlzAAALEwAACxMBAJqcGAAAAAd0SU1FB9YIBhQIIhs+gc8AAAAQSURBVAjXY2hgQIf/GbAAAKCTBYBUjWvCAAAAAElFTkSuQmCC) no-repeat;
}

div.tree li.root {
    background: #fff none no-repeat;
}

.ccolor{color:Green}
.dcolor{color:Orange}
.hcolor{color:Red}
.scolor{color:Black}
</style></head><body><div class="bidtable"><ul><li><div class="start">1<span class="ccolor">&clubs;</span>-1<span class="dcolor">&diams;</span></div><ul><li><div class="start">1<span class="hcolor">&hearts;</span></div>Minimum with 2&ndash;3<span class="hcolor">&hearts;</span><ul><li><div class="start">1<span class="scolor">&spades;</span></div>4+<span class="hcolor">&hearts;</span>, 4<span class="scolor">&spades;</span>, at most invitational</li><li><div class="start">1NT</div>Sign off</li><li><div class="start">2<span class="ccolor">&clubs;</span></div>Puppet to 2<span class="dcolor">&diams;</span><ul><li><div class="start">2<span class="dcolor">&diams;</span></div>Forced<ul><li><div class="start">2<span class="hcolor">&hearts;</span></div>Mildly invitational with 5<span class="hcolor">&hearts;</span></li><li><div class="start">2<span class="scolor">&spades;</span></div>Invitational, 5+<span class="hcolor">&hearts;</span> and 4<span class="scolor">&spades;</span></li><li><div class="start">2NT</div>Strongly invitational with 5<span class="hcolor">&hearts;</span></li><li><div class="start">3<span class="ccolor">&clubs;</span></div>Invitational with 4<span class="hcolor">&hearts;</span> and 5+<span class="ccolor">&clubs;</span></li><li><div class="start">3<span class="dcolor">&diams;</span></div>Invitational with 4<span class="hcolor">&hearts;</span> and 5+<span class="dcolor">&diams;</span></li><li><div class="start">3<span class="hcolor">&hearts;</span></div>6<span class="hcolor">&hearts;</span>, about 11&ndash;12 hcp</li></ul></li></ul></li><li><div class="start">2<span class="dcolor">&diams;</span></div>Artificial game force</li><li><div class="start">2<span class="hcolor">&hearts;</span></div>6+<span class="hcolor">&hearts;</span>, about 9&ndash;10 hcp</li></ul></li><li><div class="start">1<span class="scolor">&spades;</span></div>5+<span class="ccolor">&clubs;</span>, 4+<span class="scolor">&spades;</span>, unlimited</li><li><div class="start">1NT</div>17&ndash;19 bal, 2&ndash;3<span class="hcolor">&hearts;</span></li><li><div class="start">2<span class="ccolor">&clubs;</span></div>5+<span class="ccolor">&clubs;</span>, unbal, 0&ndash;2<span class="hcolor">&hearts;</span>, 0&ndash;3<span class="scolor">&spades;</span></li><li><div class="start">2<span class="dcolor">&diams;</span></div>Reverse</li><li><div class="start">2<span class="hcolor">&hearts;</span></div>Minimum, 4<span class="hcolor">&hearts;</span></li><li><div class="start">2<span class="scolor">&spades;</span></div>16+ hcp, 5+<span class="ccolor">&clubs;</span> and 4+<span class="hcolor">&hearts;</span><ul><li><div class="start">3<span class="dcolor">&diams;</span></div>Retransfer<ul><li><div class="start">3<span class="hcolor">&hearts;</span></div><ul><li><div class="start">3<span class="scolor">&spades;</span></div>Cue bid, slam interest</li><li><div class="start">4<span class="ccolor">&clubs;</span><span class="dcolor">&diams;</span></div>Cue bid, slam interest</li><li><div class="start">4<span class="hcolor">&hearts;</span></div>To play</li></ul></li></ul></li><li><div class="start">3<span class="hcolor">&hearts;</span></div>Invitational</li><li><div class="start">3<span class="scolor">&spades;</span></div>Splinter</li><li><div class="start">4<span class="ccolor">&clubs;</span><span class="dcolor">&diams;</span></div>Splinter</li><li><div class="start">4<span class="hcolor">&hearts;</span></div>To play</li></ul></li><li><div class="start">2NT</div>16+ hcp, 6+<span class="ccolor">&clubs;</span>. 18+ if 3<span class="hcolor">&hearts;</span><ul><li><div class="start">3<span class="ccolor">&clubs;</span></div>Suggestion to play</li><li><div class="start">3<span class="dcolor">&diams;</span></div>Relay<ul><li><div class="start">3<span class="hcolor">&hearts;</span></div>3<span class="hcolor">&hearts;</span>, 18+ hcp</li></ul></li><li><div class="start">3<span class="hcolor">&hearts;</span></div>Game forcing with 6+<span class="hcolor">&hearts;</span></li></ul></li><li><div class="start">3<span class="ccolor">&clubs;</span></div>15&ndash;17 hcp, 6+<span class="ccolor">&clubs;</span> and 3<span class="hcolor">&hearts;</span><ul><li><div class="start">3<span class="dcolor">&diams;</span></div>Retransfer</li><li><div class="start">3<span class="hcolor">&hearts;</span></div>Invitational</li></ul></li><li><div class="start">3<span class="dcolor">&diams;</span></div>17&ndash;19 bal, 4<span class="hcolor">&hearts;</span><ul><li><div class="start">3<span class="hcolor">&hearts;</span></div>To play</li></ul></li><li><div class="start">3<span class="hcolor">&hearts;</span></div>13&ndash;15 hcp, good hand, 5+<span class="ccolor">&clubs;</span> and 4<span class="hcolor">&hearts;</span><ul><li><div class="start">3NT</div>Asking for singleton</li></ul></li></ul></li></ul></div></body></html>