\documentclass[a4paper]{article}
\usepackage[margin=1in]{geometry}
\usepackage[T1]{fontenc}
\usepackage[utf8]{inputenc}
\usepackage{newcent}
\usepackage{helvet}
\usepackage{graphicx}

\usepackage[pdftex, pdfborder={0 0 0}]{hyperref}
\frenchspacing

\usepackage{txfonts} % For \varheartsuit and \vardiamondsuit
\usepackage[usenames,dvipsnames]{color} % dvipsnames necessary to made PDFLaTeX work.
\usepackage{enumerate}
\usepackage{listliketab}
\usepackage{latexsym} % \Box
\usepackage{pbox} % \Box
\usepackage{parskip} % line between paragraphs

% suits

%%% Colors

\newcommand{\BC}{\textcolor{OliveGreen}{$\clubsuit$}}
\newcommand{\BD}{\textcolor{RedOrange}{$\vardiamondsuit$}}
\newcommand{\BH}{\textcolor{Red}{$\varheartsuit${}}}
\newcommand{\BS}{\textcolor{Blue}{$\spadesuit${}}}

%suits for pdf-friendly titles
\newcommand{\pdfc}{\texorpdfstring{\BC{}}{C}}
\newcommand{\pdfd}{\texorpdfstring{\BD{}}{D}}
\newcommand{\pdfh}{\texorpdfstring{\BH{}}{H}}
\newcommand{\pdfs}{\texorpdfstring{\BS{}}{S}}

\newenvironment{bidtable}
{\begin{tabbing}

xxxxxx\=xxxxxx\=xxxxxx\=xxxxxx\=xxxxxx\=xxxxxx\=xxxxxx\=xxxxxx\=xxxxxx\=xxxxxx\=\kill}
{\end{tabbing} }%

\newenvironment{bidding}%
{\begin{tabbing}
xxxxxx\=xxxxxx\=xxxxxx\=xxxxxx \kill
}{\end{tabbing} }%end bidding


% writing hands
\newcommand{\cards}[1]{\textsf{#1}}
\newcommand{\spades}[1]{\BS\cards{#1}}
\newcommand{\hearts}[1]{\BH\cards{#1}}
\newcommand{\diamonds}[1]{\BD\cards{#1}}
\newcommand{\clubs}[1]{\BC\cards{#1}}
\newcommand{\void}{--}
\newcommand{\hand}[4]{\spades{#1}\ \hearts{#2}\ \diamonds{#3} \clubs{#4}}
\newcommand{\vhand}[4]{\spades{#1}\\\hearts{#2}\\\diamonds{#3}\\\clubs{#4}}

% The \Box should always appear the same distance from the left margin
\newcommand\onesuit[4]%
{%
  \begin{center}%
    \begin{tabular}{>{\hfill}p{3cm}cp{3cm}}
                & \cards{#2} \\%
      \cards{#1}& $\Box$    & \cards{#3} \\%
                & \cards{#4} %
    \end{tabular}
  \end{center}%
}

% A special command if the south hand is not shown to avoid whitespace
\newcommand\onesuitenw[3]%
{%
  \begin{center}%
    \begin{tabular}{>{\hfill}p{3cm}cp{3cm}}%
                & \cards{#2} \\%
      \cards{#1}& $\Box$    & \cards{#3}%
    \end{tabular}%
  \end{center}%
}

\newcommand\dealdiagram[5]%
{%
  \begin{center}%
    \begin{tabular}{>{\hfill}p{3cm}cp{3cm}}
      \pbox{20cm}{\small #5}& \pbox{20cm}{#2} \\%
      \pbox{20cm}{#1}& $\Box$    & \pbox{20cm}{#3} \\%
                & \pbox{20cm}{#4} %
    \end{tabular}
  \end{center}%
}

\newcommand\dealdiagramenw[4]%
{%
  \begin{center}%
    \begin{tabular}{>{\hfill}p{3cm}cp{3cm}}
      \pbox{20cm}{\small #4}& \pbox{20cm}{#2} \\%
      \pbox{20cm}{#1}& $\Box$    & \pbox{20cm}{#3} \\%
    \end{tabular}
  \end{center}%
}

\newcommand\dealdiagramew[2]%
{%
  \begin{center}%
    \begin{tabular}{>{\hfill}p{3cm}cp{3cm}}
      \pbox{20cm}{#1}& $\Box$    & \pbox{20cm}{#2} \\%
    \end{tabular}
  \end{center}%
}

\title{No title defined}
\author{No author defined}
\begin{document}
\maketitle
\tableofcontents

\begin{bidtable}
1NT-2\BC \> PUP to 2\BD \+\\
2\BD \> *Forced*\+\\
Pass \> Weak with \BD \\
2\BH \> TRF\+\\
2\BS\+\\
2NT \> 5+c \BS , G/T\\
3\BC\BD \> \BS\ \& minor, G/T (\%\$\#\_\{\}\textasciitilde\textasciicircum\textbackslash)\-\-\-\-
\end{bidtable}
\bigbreak
\begin{bidtable}
1\BC-(1Y)\+\\
2\BC \> support\\
2X \> forcing\\
2Y \> cuebid\\
2Z \> weak jump\-
\end{bidtable}
\bigbreak
\end{document}
