<?xml version="1.0" encoding="utf-8"?>
<!DOCTYPE html PUBLIC '-//W3C//DTD XHTML 1.0 Strict//EN' 'http://www.w3.org/TR/xhtml1/DTD/xhtml1-strict.dtd'>
<html xmlns='http://www.w3.org/1999/xhtml' xml:lang='en' lang='en'><head><meta http-equiv="Content-Type" content="text/html; charset=utf-8" /><title>BML 5542</title><style type="text/css">div.start {
    display: inline-block;
    vertical-align: top;
    width: 60px;
}
    
div.bidtable {
    width:700px;
    padding-bottom: 20px;
}    

div.bidtable ul {
    list-style-type: none;
    margin: 0;
    padding: 0;
}

div.bidtable li ul
{
    list-style-type: none;
    margin: 0;
    padding: 0;
    margin-left: 60px;
}

div.tree {
    list-style-type: none;
    padding-bottom: 20px;
}

div.tree ul {
    list-style-type: none;
    /* vline.png */
    background: url(data:image/png;base64,iVBORw0KGgoAAAANSUhEUgAAAAEAAAAKAQMAAABPHKYJAAAAA1BMVEWIiIhYZW6zAAAACXBIWXMAAAsTAAALEwEAmpwYAAAAB3RJTUUH1ggGExMZBky19AAAAAtJREFUCNdjYMAEAAAUAAHlhrBKAAAAAElFTkSuQmCC) repeat-y;
    margin: 0;
    padding: 0;
    margin-left: 10px;
}

div.tree li.node {
    margin: 0;
    padding: 0 12px;
    line-height: 20px;
    /* node.png */
    background: url(data:image/png;base64,iVBORw0KGgoAAAANSUhEUgAAAAgAAAAUAQMAAACK1e4oAAAABlBMVEUAAwCIiIgd2JB2AAAAAXRSTlMAQObYZgAAAAlwSFlzAAALEwAACxMBAJqcGAAAAAd0SU1FB9YIBhQIJYVaFGwAAAARSURBVAjXY2hgQIf/GTDFGgDSkwqATqpCHAAAAABJRU5ErkJggg==) no-repeat;
}

div.tree td.node {
    vertical-align: top;
    width: 60px;
}

div.tree li.last {
    /* lastnode.png */
    background: #fff url(data:image/png;base64,iVBORw0KGgoAAAANSUhEUgAAAAgAAAAUAQMAAACK1e4oAAAABlBMVEUAAwCIiIgd2JB2AAAAAXRSTlMAQObYZgAAAAlwSFlzAAALEwAACxMBAJqcGAAAAAd0SU1FB9YIBhQIIhs+gc8AAAAQSURBVAjXY2hgQIf/GbAAAKCTBYBUjWvCAAAAAElFTkSuQmCC) no-repeat;
}

div.tree li.root {
    background: #fff none no-repeat;
}

.ccolor{color:Green}
.dcolor{color:Orange}
.hcolor{color:Red}
.scolor{color:Black}
</style></head><body><h1>Introduction</h1><p>Welcome to BML! This is a normal paragraph, and above we can see
the <code>#+TITLE</code>, the <code>#+AUTHOR</code> and the <code>#+DESCRIPTION</code> of the file. <code>#+TITLE</code> is
the name of the system and <code>#+DESCRIPTION</code> is a <em>short summary of</em> how
the system works. <code>#+AUTHOR</code> is self explanatory. <code>Introduction</code> above,
"headed by an asterisk", sets a section at the first level (the second
level would have two asterisks etc).</p><p>In the paragraph above I encapsulated some words between equal
signs. This means that they will show up as a monospaced font when
exported to HTML or LaTeX. It is also possible to make words (or
sentences) <strong>strong or bold</strong> or <em>in italics</em>.</p><p>The system presented in this example file is meant to show many
of the current features in BML. Let's start with the basic opening
structure of the system:</p><div class="tree"><ul><li class="root">&empty;<ul><li class="node"><table><tr><td rowspan="1" class="node">1<span class="ccolor">&clubs;</span></td><td>2+<span class="ccolor">&clubs;</span>. Natural or balanced</td></tr></table></li><li class="node"><table><tr><td rowspan="1" class="node">1<span class="dcolor">&diams;</span></td><td>4+ suit, unbalanced</td></tr></table></li><li class="node"><table><tr><td rowspan="1" class="node">1M</td><td>5+ M, showing a Major</td></tr></table></li><li class="node"><table><tr><td rowspan="1" class="node">2<span class="ccolor">&clubs;</span></td><td>20&ndash;21 bal / Any game force</td></tr></table></li><li class="node"><table><tr><td rowspan="1" class="node">2<span class="dcolor">&diams;</span></td><td>6+<span class="hcolor">&hearts;</span> or 6+<span class="scolor">&spades;</span>, 5&ndash;9 hcp</td></tr></table></li><li class="node"><table><tr><td rowspan="1" class="node">2<span class="hcolor">&hearts;</span><span class="scolor">&spades;</span></td><td>6+ suit, 10&ndash;13 hcp</td></tr></table></li><li class="node"><table><tr><td rowspan="1" class="node">2NT</td><td>22&ndash;24</td></tr></table></li><li class="node"><table><tr><td rowspan="1" class="node">3X</td><td>6+X, Preemptive</td></tr></table></li><li class="last node"><table><tr><td rowspan="1" class="node">3NT</td><td>Gambling</td></tr></table></li></ul></li></ul></div><p>The above is an example of a bidding table; the reason why BML is
more suited for bridge system notes than other markup languages. You
start by writing the bid, then a number of whitespaces, and then the
description of the bid. Simple! C is for clubs, D for diamonds, H
for hearts, S for spades and N for no trump. There are also some
special cases which you could use, above we use 1M (1<span class="hcolor">&hearts;</span> and 1<span class="scolor">&spades;</span>), 2<span class="hcolor">&hearts;</span><span class="scolor">&spades;</span>
(2<span class="hcolor">&hearts;</span> and 2<span class="scolor">&spades;</span>) and 3X (3<span class="ccolor">&clubs;</span>, 3<span class="dcolor">&diams;</span>, 3<span class="hcolor">&hearts;</span> and 3<span class="scolor">&spades;</span>). We'll see more of these
later.</p><p>The reason why the 1NT opening is left out above is a secret for
now!</p><h1>The 1<span class="ccolor">&clubs;</span> opening</h1><p>You might have noticed the <span class="ccolor">&clubs;</span> in the title of this section? This
will be replaced by a club suit symbol when exported. The same is
true for <span class="dcolor">&diams;</span>, <span class="hcolor">&hearts;</span> and <span class="scolor">&spades;</span> (but these will be converted to diamonds,
hearts and spades, of course).</p><p>In this example we use transfer responses to the 1<span class="ccolor">&clubs;</span> opening:</p><div class="tree"><ul><li class="root">1<span class="ccolor">&clubs;</span><ul><li class="node"><table><tr><td rowspan="1" class="node">1red</td><td>Transfer. 4+ major, 0+ hcp</td></tr></table></li><li class="node"><table><tr><td rowspan="1" class="node">1<span class="scolor">&spades;</span></td><td>INV+ with 5+<span class="dcolor">&diams;</span> / Negative NT</td></tr></table></li><li class="node"><table><tr><td rowspan="1" class="node">1NT</td><td>Game forcing, 5+<span class="ccolor">&clubs;</span> or balanced</td></tr></table></li><li class="node"><table><tr><td rowspan="1" class="node">2<span class="ccolor">&clubs;</span></td><td>5+<span class="ccolor">&clubs;</span>, 5&ndash;9 hcp</td></tr></table></li><li class="node"><table><tr><td rowspan="1" class="node">2X</td><td>6+ suit, 4&ndash;8 hcp</td></tr></table></li><li class="last node"><table><tr><td rowspan="1" class="node">2NT</td><td>Invitational</td></tr></table></li></ul></li></ul></div><p>By writing 1<span class="ccolor">&clubs;</span>&mdash; we define that the following bids should be
continuations to the sequence 1<span class="ccolor">&clubs;</span>. We could write 1<span class="ccolor">&clubs;</span>- or 1<span class="ccolor">&clubs;</span>&ndash; too,
the number of dashes only matters to the way the output looks. Also
note the 1red response, this defines both 1<span class="dcolor">&diams;</span> and 1<span class="hcolor">&hearts;</span>.</p><h2>After a transfer</h2><p>This section has two asterisks, meaning it will be at level two
(so its a subsection). You might also have noticed that the
paragraphs, the sections and the bidtables are separated by a
blank line. This is important in BML, as the blank line is used to
separate elements.</p><div class="tree"><ul><li class="root">1<span class="ccolor">&clubs;</span>-1<span class="dcolor">&diams;</span><ul><li class="node"><table><tr><td rowspan="1" class="node">1<span class="hcolor">&hearts;</span></td><td>Minimum with 2&ndash;3<span class="hcolor">&hearts;</span></td></tr></table><ul><li class="node"><table><tr><td rowspan="1" class="node">1<span class="scolor">&spades;</span></td><td>4+<span class="hcolor">&hearts;</span>, 4<span class="scolor">&spades;</span>, at most invitational</td></tr></table></li><li class="node"><table><tr><td rowspan="1" class="node">1NT</td><td>Sign off</td></tr></table></li><li class="node"><table><tr><td rowspan="1" class="node">2<span class="ccolor">&clubs;</span></td><td>Puppet to 2<span class="dcolor">&diams;</span></td></tr></table><ul><li class="last node"><table><tr><td rowspan="1" class="node">2<span class="dcolor">&diams;</span></td><td>Forced</td></tr></table><ul><li class="node"><table><tr><td rowspan="1" class="node">2<span class="hcolor">&hearts;</span></td><td>Mildly invitational with 5<span class="hcolor">&hearts;</span></td></tr></table></li><li class="node"><table><tr><td rowspan="1" class="node">2<span class="scolor">&spades;</span></td><td>Invitational, 5+<span class="hcolor">&hearts;</span> and 4<span class="scolor">&spades;</span></td></tr></table></li><li class="node"><table><tr><td rowspan="1" class="node">2NT</td><td>Strongly invitational with 5<span class="hcolor">&hearts;</span></td></tr></table></li><li class="node"><table><tr><td rowspan="1" class="node">3<span class="ccolor">&clubs;</span></td><td>Invitational with 4<span class="hcolor">&hearts;</span> and 5+<span class="ccolor">&clubs;</span></td></tr></table></li><li class="node"><table><tr><td rowspan="1" class="node">3<span class="dcolor">&diams;</span></td><td>Invitational with 4<span class="hcolor">&hearts;</span> and 5+<span class="dcolor">&diams;</span></td></tr></table></li><li class="last node"><table><tr><td rowspan="1" class="node">3<span class="hcolor">&hearts;</span></td><td>6<span class="hcolor">&hearts;</span>, about 11&ndash;12 hcp</td></tr></table></li></ul></li></ul></li><li class="node"><table><tr><td rowspan="1" class="node">2<span class="dcolor">&diams;</span></td><td>Artificial game force</td></tr></table></li><li class="last node"><table><tr><td rowspan="1" class="node">2<span class="hcolor">&hearts;</span></td><td>6+<span class="hcolor">&hearts;</span>, about 9&ndash;10 hcp</td></tr></table></li></ul></li><li class="node"><table><tr><td rowspan="1" class="node">1<span class="scolor">&spades;</span></td><td>5+<span class="ccolor">&clubs;</span>, 4+<span class="scolor">&spades;</span>, unlimited</td></tr></table></li><li class="node"><table><tr><td rowspan="1" class="node">1NT</td><td>17&ndash;19 bal, 2&ndash;3<span class="hcolor">&hearts;</span></td></tr></table></li><li class="node"><table><tr><td rowspan="1" class="node">2<span class="ccolor">&clubs;</span></td><td>5+<span class="ccolor">&clubs;</span>, unbal, 0&ndash;2<span class="hcolor">&hearts;</span>, 0&ndash;3<span class="scolor">&spades;</span></td></tr></table></li><li class="node"><table><tr><td rowspan="1" class="node">2<span class="dcolor">&diams;</span></td><td>Reverse</td></tr></table></li><li class="node"><table><tr><td rowspan="1" class="node">2<span class="hcolor">&hearts;</span></td><td>Minimum, 4<span class="hcolor">&hearts;</span></td></tr></table></li><li class="node"><table><tr><td rowspan="1" class="node">2<span class="scolor">&spades;</span></td><td>16+ hcp, 5+<span class="ccolor">&clubs;</span> and 4+<span class="hcolor">&hearts;</span></td></tr></table><ul><li class="node"><table><tr><td rowspan="1" class="node">3<span class="dcolor">&diams;</span></td><td>Retransfer</td></tr></table><ul><li class="last node">3<span class="hcolor">&hearts;</span><ul><li class="node"><table><tr><td rowspan="1" class="node">3<span class="scolor">&spades;</span></td><td>Cue bid, slam interest</td></tr></table></li><li class="node"><table><tr><td rowspan="1" class="node">4<span class="ccolor">&clubs;</span><span class="dcolor">&diams;</span></td><td>Cue bid, slam interest</td></tr></table></li><li class="last node"><table><tr><td rowspan="1" class="node">4<span class="hcolor">&hearts;</span></td><td>To play</td></tr></table></li></ul></li></ul></li><li class="node"><table><tr><td rowspan="1" class="node">3<span class="hcolor">&hearts;</span></td><td>Invitational</td></tr></table></li><li class="node"><table><tr><td rowspan="1" class="node">3<span class="scolor">&spades;</span></td><td>Splinter</td></tr></table></li><li class="node"><table><tr><td rowspan="1" class="node">4<span class="ccolor">&clubs;</span><span class="dcolor">&diams;</span></td><td>Splinter</td></tr></table></li><li class="last node"><table><tr><td rowspan="1" class="node">4<span class="hcolor">&hearts;</span></td><td>To play</td></tr></table></li></ul></li><li class="node"><table><tr><td rowspan="1" class="node">2NT</td><td>16+ hcp, 6+<span class="ccolor">&clubs;</span>. 18+ if 3<span class="hcolor">&hearts;</span></td></tr></table><ul><li class="node"><table><tr><td rowspan="1" class="node">3<span class="ccolor">&clubs;</span></td><td>Suggestion to play</td></tr></table></li><li class="node"><table><tr><td rowspan="1" class="node">3<span class="dcolor">&diams;</span></td><td>Relay</td></tr></table><ul><li class="last node"><table><tr><td rowspan="1" class="node">3<span class="hcolor">&hearts;</span></td><td>3<span class="hcolor">&hearts;</span>, 18+ hcp</td></tr></table></li></ul></li><li class="last node"><table><tr><td rowspan="1" class="node">3<span class="hcolor">&hearts;</span></td><td>Game forcing with 6+<span class="hcolor">&hearts;</span></td></tr></table></li></ul></li><li class="node"><table><tr><td rowspan="1" class="node">3<span class="ccolor">&clubs;</span></td><td>15&ndash;17 hcp, 6+<span class="ccolor">&clubs;</span> and 3<span class="hcolor">&hearts;</span></td></tr></table><ul><li class="node"><table><tr><td rowspan="1" class="node">3<span class="dcolor">&diams;</span></td><td>Retransfer</td></tr></table></li><li class="last node"><table><tr><td rowspan="1" class="node">3<span class="hcolor">&hearts;</span></td><td>Invitational</td></tr></table></li></ul></li><li class="node"><table><tr><td rowspan="1" class="node">3<span class="dcolor">&diams;</span></td><td>17&ndash;19 bal, 4<span class="hcolor">&hearts;</span></td></tr></table><ul><li class="last node"><table><tr><td rowspan="1" class="node">3<span class="hcolor">&hearts;</span></td><td>To play</td></tr></table></li></ul></li><li class="last node"><table><tr><td rowspan="1" class="node">3<span class="hcolor">&hearts;</span></td><td>13&ndash;15 hcp, good hand, 5+<span class="ccolor">&clubs;</span> and 4<span class="hcolor">&hearts;</span></td></tr></table><ul><li class="last node"><table><tr><td rowspan="1" class="node">3NT</td><td>Asking for singleton</td></tr></table></li></ul></li></ul></li></ul></div><p>This bidding table shows a couple of new features. The most
prominent is the ability to add continuations directly in the
table, by using whitespaces. We also see another example of
appending bids to an existing sequence, by using 1<span class="ccolor">&clubs;</span>-1<span class="dcolor">&diams;</span>; in the
beginning.</p><h1>Defense to 1NT</h1><p>Defining bidding when both sides bid is a little bit more tricky,
since you have to write all the bids (even passes). The opponents'
bid are indicated by encapsulating them in parentheses. P is used
for Pass, D for Double and R for Redouble.</p><div class="tree"><ul><li class="root">(1NT)&ndash;<ul><li class="node"><table><tr><td rowspan="1" class="node">Dbl</td><td>Strength, ca 15+</td></tr></table></li><li class="node"><table><tr><td rowspan="1" class="node">2<span class="ccolor">&clubs;</span></td><td>At least 5-4 majors</td></tr></table><ul><li class="node">(D)<ul><li class="node"><table><tr><td rowspan="1" class="node">Pass</td><td>5+<span class="ccolor">&clubs;</span>, suggestion to play</td></tr></table></li><li class="node"><table><tr><td rowspan="1" class="node">Rdbl</td><td>Asking for better/longer major</td></tr></table></li><li class="last node"><table><tr><td rowspan="1" class="node">2<span class="dcolor">&diams;</span></td><td>5+<span class="dcolor">&diams;</span>, suggestion to play</td></tr></table></li></ul></li><li class="last node">(P)<ul><li class="last node"><table><tr><td rowspan="1" class="node">2<span class="dcolor">&diams;</span></td><td>Asking for better/longer major</td></tr></table></li></ul></li></ul></li><li class="node"><table><tr><td rowspan="1" class="node">2<span class="dcolor">&diams;</span></td><td>A weak major or a strong minor</td></tr></table><ul><li class="last node">(P)<ul><li class="node"><table><tr><td rowspan="1" class="node">2<span class="hcolor">&hearts;</span></td><td>Pass/correct</td></tr></table></li><li class="node"><table><tr><td rowspan="1" class="node">2<span class="scolor">&spades;</span></td><td>Pass/correct</td></tr></table></li><li class="last node"><table><tr><td rowspan="1" class="node">2NT</td><td>Asking</td></tr></table></li></ul></li></ul></li><li class="node"><table><tr><td rowspan="1" class="node">2<span class="hcolor">&hearts;</span><span class="scolor">&spades;</span></td><td>Constructive</td></tr></table></li><li class="node"><table><tr><td rowspan="1" class="node">2NT</td><td>5-5 minors</td></tr></table></li><li class="last node"><table><tr><td rowspan="1" class="node">3X</td><td>Preemptive</td></tr></table></li></ul></li></ul></div><p>Note that the above is only for a direct overcall over 1NT. To
define the above also when balancing we will use BML's
copy/cut/paste functionality in order to show that you do not
have to write it all over again. Take a look below (only visible in
the <em>example.txt</em> or generated Full Disclosure file, not in HTML or LaTeX):</p><p>First we used the <code>#COPY</code> command; the text between <code>#COPY</code> and <code>#ENDCOPY</code>
got put into a sort of clipboard, with the tag nt_defense which we
specified. To paste it into the bidding table above we used
the <code>#PASTE</code> command. We also used the <code>#HIDE</code> option. When this is
present in a bidding table the table will be exported to Full
Disclosure, but not to HTML or LaTeX.</p><p>You could also include other BML-files into your main file by using
the <code>#INCLUDE</code> command. Just type <code>#INCLUDE &lt;filename&gt;</code> and the entire
file will be inserted at the point where you wrote the command. This
is a useful way to separate your system into modules, or perhaps
just to make it more manageable.</p><p>It is also possible to add continuations when the opponents
interfere:</p><div class="tree"><ul><li class="root">1<span class="ccolor">&clubs;</span>-(1<span class="dcolor">&diams;</span>)<ul><li class="node"><table><tr><td rowspan="1" class="node">Dbl</td><td>4+<span class="hcolor">&hearts;</span></td></tr></table></li><li class="node"><table><tr><td rowspan="1" class="node">1<span class="hcolor">&hearts;</span></td><td>4+<span class="scolor">&spades;</span></td></tr></table></li><li class="node"><table><tr><td rowspan="1" class="node">1<span class="scolor">&spades;</span></td><td>INV+ with 5+<span class="dcolor">&diams;</span> / Negative NT</td></tr></table></li><li class="node"><table><tr><td rowspan="1" class="node">1NT</td><td>Game forcing, 5+<span class="ccolor">&clubs;</span> or balanced</td></tr></table></li><li class="node"><table><tr><td rowspan="1" class="node">2<span class="ccolor">&clubs;</span></td><td>5+<span class="ccolor">&clubs;</span>, 5&ndash;9 hcp</td></tr></table></li><li class="node"><table><tr><td rowspan="1" class="node">2X</td><td>6+ suit, 4&ndash;8 hcp</td></tr></table></li><li class="last node"><table><tr><td rowspan="1" class="node">2NT</td><td>Invitational</td></tr></table></li></ul></li></ul></div><h1>The 1NT opening</h1><p>Here's the reason why I left out the 1NT opening earlier: I will
show how to make sequences dependant on vulnerability and
seat. This will be a bit messy, so hold tight!</p><p>We start by cutting our NT-module, since this will be used on all
NT-openings. <code>#CUT</code> is similar to the <code>#COPY</code> command, but using <code>#CUT</code>
means that it isn't parsed as a bidding table until it is pasted.</p><p>The <code>#VUL</code> command is used to set the vulnerability. It takes an
argument of two characters, each can be Y, N or 0. The first
character asks if we are vulnerable and the second asks if our
opponents are vulnerable. Y is for Yes, N is for No and 0 means that
it doesn't matter.</p><p>The <code>#SEAT</code> command sets the seat in which the bid should be valid. 0
means that the seat doesn't matter (all seats), 12 means first or
second and 34 means third or fourth. 1&ndash;4 could also be used.</p><p>So when we're not vulnerable we open 1NT 12&ndash;14 in 1st and 2nd seat.</p><p>But in third and fourth seat it is 14&ndash;16.</p><p>When we're vulnerable we always open 1NT 14&ndash;16.</p><div class="tree"><ul><li class="root">1NT<ul><li class="node"><table><tr><td rowspan="1" class="node">2<span class="ccolor">&clubs;</span></td><td>Stayman</td></tr></table><ul><li class="node"><table><tr><td rowspan="1" class="node">2<span class="dcolor">&diams;</span></td><td>No major</td></tr></table></li><li class="node"><table><tr><td rowspan="1" class="node">2NT</td><td>4-4 majors, minimum</td></tr></table></li><li class="last node"><table><tr><td rowspan="1" class="node">3<span class="ccolor">&clubs;</span></td><td>4-4 majors, maximum</td></tr></table></li></ul></li><li class="node"><table><tr><td rowspan="1" class="node">2red</td><td>Transfer</td></tr></table></li><li class="node"><table><tr><td rowspan="1" class="node">2<span class="scolor">&spades;</span></td><td>Minor suit stayman</td></tr></table></li><li class="last node"><table><tr><td rowspan="1" class="node">2NT</td><td>Invitational</td></tr></table></li></ul></li></ul></div><p>We've been using the <code>#HIDE</code> command, so we don't have to see our
NT-system over and over again. This time tough we paste it
normally, so that we see it at least once.</p><h1>Lists</h1><p>I'd like to show you how to make lists in BML. It is pretty
simple:</p><ul><li>Here's a list!
</li><li>With a couple of
</li><li>Items in it</li></ul><p>You could also make ordered lists:</p><ol><li>This is ordered
</li><li>Just add numbers
</li><li>To each item</li></ol></body></html>