\documentclass[a4paper]{article}
\usepackage[margin=1in]{geometry}
\usepackage[T1]{fontenc}
\usepackage[utf8]{inputenc}
\usepackage{newcent}
\usepackage{helvet}
\usepackage{graphicx}

\usepackage[pdftex, pdfborder={0 0 0}]{hyperref}
\frenchspacing

\usepackage{txfonts} % For \varheartsuit and \vardiamondsuit
\usepackage[usenames,dvipsnames]{color} % dvipsnames necessary to made PDFLaTeX work.
\usepackage{enumerate}
\usepackage{listliketab}
\usepackage{latexsym} % \Box
\usepackage{pbox} % \Box
\usepackage{parskip} % line between paragraphs

% suits

%%% Colors

\newcommand{\BC}{\textcolor{OliveGreen}{$\clubsuit$}}
\newcommand{\BD}{\textcolor{RedOrange}{$\vardiamondsuit$}}
\newcommand{\BH}{\textcolor{Red}{$\varheartsuit${}}}
\newcommand{\BS}{\textcolor{Blue}{$\spadesuit${}}}

%suits for pdf-friendly titles
\newcommand{\pdfc}{\texorpdfstring{\BC{}}{C}}
\newcommand{\pdfd}{\texorpdfstring{\BD{}}{D}}
\newcommand{\pdfh}{\texorpdfstring{\BH{}}{H}}
\newcommand{\pdfs}{\texorpdfstring{\BS{}}{S}}

\newenvironment{bidtable}
{\begin{tabbing}

xxxxxx\=xxxxxx\=xxxxxx\=xxxxxx\=xxxxxx\=xxxxxx\=xxxxxx\=xxxxxx\=xxxxxx\=xxxxxx\=\kill}
{\end{tabbing} }%

\newenvironment{bidding}%
{\begin{tabbing}
xxxxxx\=xxxxxx\=xxxxxx\=xxxxxx \kill
}{\end{tabbing} }%end bidding


% writing hands
\newcommand{\cards}[1]{\textsf{#1}}
\newcommand{\spades}[1]{\BS\cards{#1}}
\newcommand{\hearts}[1]{\BH\cards{#1}}
\newcommand{\diamonds}[1]{\BD\cards{#1}}
\newcommand{\clubs}[1]{\BC\cards{#1}}
\newcommand{\void}{--}
\newcommand{\hand}[4]{\spades{#1}\ \hearts{#2}\ \diamonds{#3} \clubs{#4}}
\newcommand{\vhand}[4]{\spades{#1}\\\hearts{#2}\\\diamonds{#3}\\\clubs{#4}}

% The \Box should always appear the same distance from the left margin
\newcommand\onesuit[4]%
{%
  \begin{center}%
    \begin{tabular}{>{\hfill}p{3cm}cp{3cm}}
                & \cards{#2} \\%
      \cards{#1}& $\Box$    & \cards{#3} \\%
                & \cards{#4} %
    \end{tabular}
  \end{center}%
}

% A special command if the south hand is not shown to avoid whitespace
\newcommand\onesuitenw[3]%
{%
  \begin{center}%
    \begin{tabular}{>{\hfill}p{3cm}cp{3cm}}%
                & \cards{#2} \\%
      \cards{#1}& $\Box$    & \cards{#3}%
    \end{tabular}%
  \end{center}%
}

\newcommand\dealdiagram[5]%
{%
  \begin{center}%
    \begin{tabular}{>{\hfill}p{3cm}cp{3cm}}
      \pbox{20cm}{\small #5}& \pbox{20cm}{#2} \\%
      \pbox{20cm}{#1}& $\Box$    & \pbox{20cm}{#3} \\%
                & \pbox{20cm}{#4} %
    \end{tabular}
  \end{center}%
}

\newcommand\dealdiagramenw[4]%
{%
  \begin{center}%
    \begin{tabular}{>{\hfill}p{3cm}cp{3cm}}
      \pbox{20cm}{\small #4}& \pbox{20cm}{#2} \\%
      \pbox{20cm}{#1}& $\Box$    & \pbox{20cm}{#3} \\%
    \end{tabular}
  \end{center}%
}

\newcommand\dealdiagramew[2]%
{%
  \begin{center}%
    \begin{tabular}{>{\hfill}p{3cm}cp{3cm}}
      \pbox{20cm}{#1}& $\Box$    & \pbox{20cm}{#2} \\%
    \end{tabular}
  \end{center}%
}

\title{No title defined}
\author{No author defined}
\begin{document}
\maketitle
\tableofcontents

\begin{bidtable}
(1NT)--\+\\
Dbl \> Strength, ca 15+\\
2\BC \> At least 5-4 majors\+\\
(D)\+\\
Pass \> 5+\BC , suggestion to play\\
Rdbl \> Asking for better/longer major\\
2\BD \> 5+\BD , suggestion to play\-\\
(P)\+\\
2\BD \> Asking for better/longer major\-\-\\
2\BD \> A weak major or a strong minor\+\\
(P)\+\\
2\BH \> Pass/correct\\
2\BS \> Pass/correct\\
2NT \> Asking\-\-\\
2\BH\BS \> Constructive\\
2NT \> 5-5 minors\\
3X \> Preemptive\-
\end{bidtable}
\bigbreak
Note that the above is only for a direct overcall over 1NT. To
define the above also when balancing we will use BML's
copy/cut/paste functionality in order to show that you do not
have to write it all over again. Take a look below (only visible in
the \emph{example.txt} or generated Full Disclosure file, not in HTML or LaTeX):
\bigbreak
\end{document}
