<?xml version="1.0" encoding="utf-8"?>
<!DOCTYPE html PUBLIC '-//W3C//DTD XHTML 1.0 Strict//EN' 'http://www.w3.org/TR/xhtml1/DTD/xhtml1-strict.dtd'>
<html lang="en" xml:lang="en" xmlns="http://www.w3.org/1999/xhtml">
 <head>
  <meta content="text/html; charset=utf-8" http-equiv="Content-Type"/>
  <title>
   Precision club
  </title>
  <style type="text/css">
   div.start {
    display: inline-block;
    vertical-align: top;
    width: 60px;
}
    
div.bidtable {
    width:700px;
    padding-bottom: 20px;
}    

div.bidtable ul {
    list-style-type: none;
    margin: 0;
    padding: 0;
}

div.bidtable li ul
{
    list-style-type: none;
    margin: 0;
    padding: 0;
    margin-left: 60px;
}

div.tree {
    list-style-type: none;
    padding-bottom: 20px;
}

div.tree ul {
    list-style-type: none;
    /* vline.png */
    background-image: url(data:image/png;base64,iVBORw0KGgoAAAANSUhEUgAAAAEAAAAKAQMAAABPHKYJAAAAA1BMVEWIiIhYZW6zAAAACXBIWXMAAAsTAAALEwEAmpwYAAAAB3RJTUUH1ggGExMZBky19AAAAAtJREFUCNdjYMAEAAAUAAHlhrBKAAAAAElFTkSuQmCC);
    background-size: 2px;
    background-repeat: repeat-y;
    margin: 0;
    padding: 0;
    margin-left: 10px;
}

div.tree li.node {
    margin: 0;
    padding: 0 12px;
    line-height: 20px;
    /* node.png */
    background-image: url(data:image/png;base64,iVBORw0KGgoAAAANSUhEUgAAAAgAAAAUAQMAAACK1e4oAAAABlBMVEUAAwCIiIgd2JB2AAAAAXRSTlMAQObYZgAAAAlwSFlzAAALEwAACxMBAJqcGAAAAAd0SU1FB9YIBhQIJYVaFGwAAAARSURBVAjXY2hgQIf/GTDFGgDSkwqATqpCHAAAAABJRU5ErkJggg==);
    background-size: 12px;
    background-repeat: no-repeat;
}

div.tree td.node {
    vertical-align: top;
    width: 60px;
}

div.tree li.last {
    /* lastnode.png */
    background-color: #fff;
    background-image: url(data:image/png;base64,iVBORw0KGgoAAAANSUhEUgAAAAgAAAAUAQMAAACK1e4oAAAABlBMVEUAAwCIiIgd2JB2AAAAAXRSTlMAQObYZgAAAAlwSFlzAAALEwAACxMBAJqcGAAAAAd0SU1FB9YIBhQIIhs+gc8AAAAQSURBVAjXY2hgQIf/GbAAAKCTBYBUjWvCAAAAAElFTkSuQmCC) ;
    background-size: 12px;
    backrgound-repeat: no-repeat;
}

div.tree li.root {
    background-color: #fff;
    background-image: none;
    backrgound-repeat: no-repeat;
}

.ccolor{color:Green}
.dcolor{color:Orange}
.hcolor{color:Red}
.scolor{color:Black}

@media print {
    * {
        -webkit-print-color-adjust: exact !important;   /* Chrome, Safari */
				color-adjust: exact !important;                 /* Firefox */
		}
    div.tree ul {
        background-size: 1px;
    }
}
  </style>
 </head>
 <body>
  <div class="tree">
   <ul>
    <li class="root">
     ∅
     <ul>
      <li class="node">
       <table>
        <tr>
         <td class="node" rowspan="1">
          1m
         </td>
         <td>
          3+ minor
         </td>
        </tr>
       </table>
      </li>
      <li class="node">
       <table>
        <tr>
         <td class="node" rowspan="1">
          1M
         </td>
         <td>
          5+ major
         </td>
        </tr>
       </table>
      </li>
      <li class="node">
       <table>
        <tr>
         <td class="node" rowspan="2">
          1NT
         </td>
         <td>
          15–17
         </td>
        </tr>
        <tr>
         <td>
          May have 5M, 6m or 5-4 minors
         </td>
        </tr>
       </table>
      </li>
      <li class="node">
       <table>
        <tr>
         <td class="node" rowspan="1">
          2
          <span class="ccolor">
           ♣
          </span>
         </td>
         <td>
          Strong and forcing
         </td>
        </tr>
       </table>
      </li>
      <li class="node">
       <table>
        <tr>
         <td class="node" rowspan="1">
          2X
         </td>
         <td>
          Weak
         </td>
        </tr>
       </table>
      </li>
      <li class="last node">
       <table>
        <tr>
         <td class="node" rowspan="1">
          2NT
         </td>
         <td>
          20–21
         </td>
        </tr>
       </table>
      </li>
     </ul>
    </li>
   </ul>
  </div>
  <div class="tree">
   <ul>
    <li class="root">
     1NT-2
     <span class="ccolor">
      ♣
     </span>
     <ul>
      <li class="node">
       <table>
        <tr>
         <td class="node" rowspan="1">
          2
          <span class="dcolor">
           ♦
          </span>
         </td>
         <td>
          No 4 card major
         </td>
        </tr>
       </table>
       <ul>
        <li class="node">
         <table>
          <tr>
           <td class="node" rowspan="1">
            2
            <span class="hcolor">
             ♥
            </span>
           </td>
           <td>
            5+
            <span class="hcolor">
             ♥
            </span>
            , 4
            <span class="scolor">
             ♠
            </span>
            , invitational
           </td>
          </tr>
         </table>
        </li>
        <li class="node">
         <table>
          <tr>
           <td class="node" rowspan="1">
            2
            <span class="scolor">
             ♠
            </span>
           </td>
           <td>
            5+
            <span class="scolor">
             ♠
            </span>
            , invitational
           </td>
          </tr>
         </table>
        </li>
        <li class="last node">
         <table>
          <tr>
           <td class="node" rowspan="1">
            3
            <span class="hcolor">
             ♥
            </span>
            <span class="scolor">
             ♠
            </span>
           </td>
           <td>
            Smolen (5+ cards in other major)
           </td>
          </tr>
         </table>
        </li>
       </ul>
      </li>
      <li class="node">
       <table>
        <tr>
         <td class="node" rowspan="1">
          2
          <span class="hcolor">
           ♥
          </span>
          <span class="scolor">
           ♠
          </span>
         </td>
         <td>
          4+ suit
         </td>
        </tr>
       </table>
      </li>
      <li class="node">
       <table>
        <tr>
         <td class="node" rowspan="1">
          2NT
         </td>
         <td>
          4-4 majors, minimum
         </td>
        </tr>
       </table>
      </li>
      <li class="last node">
       <table>
        <tr>
         <td class="node" rowspan="1">
          3
          <span class="ccolor">
           ♣
          </span>
         </td>
         <td>
          4-4 majors, maximum
         </td>
        </tr>
       </table>
      </li>
     </ul>
    </li>
   </ul>
  </div>
  <div class="tree">
   <ul>
    <li class="root">
     ∅
     <ul>
      <li class="node">
       <table>
        <tr>
         <td class="node" rowspan="1">
          2
          <span class="ccolor">
           ♣
          </span>
         </td>
         <td>
          Strong, forcing
         </td>
        </tr>
       </table>
       <ul>
        <li class="last node">
         <table>
          <tr>
           <td class="node" rowspan="1">
            2
            <span class="dcolor">
             ♦
            </span>
           </td>
           <td>
            Waiting
           </td>
          </tr>
         </table>
        </li>
       </ul>
      </li>
      <li class="last node">
       <table>
        <tr>
         <td class="node" rowspan="1">
          2X
         </td>
         <td>
          Weak
         </td>
        </tr>
       </table>
       <ul>
        <li class="last node">
         <table>
          <tr>
           <td class="node" rowspan="1">
            2NT
           </td>
           <td>
            Ogust
           </td>
          </tr>
         </table>
        </li>
       </ul>
      </li>
     </ul>
    </li>
   </ul>
  </div>
  <div class="tree">
   <ul>
    <li class="root">
     (1NT)–
     <ul>
      <li class="node">
       <table>
        <tr>
         <td class="node" rowspan="1">
          Dbl
         </td>
         <td>
          Strength, ca 15+
         </td>
        </tr>
       </table>
      </li>
      <li class="node">
       <table>
        <tr>
         <td class="node" rowspan="1">
          2
          <span class="ccolor">
           ♣
          </span>
         </td>
         <td>
          At least 5-4 majors
         </td>
        </tr>
       </table>
       <ul>
        <li class="node">
         (D)
         <ul>
          <li class="node">
           <table>
            <tr>
             <td class="node" rowspan="1">
              Pass
             </td>
             <td>
              5+
              <span class="ccolor">
               ♣
              </span>
              , suggestion to play
             </td>
            </tr>
           </table>
          </li>
          <li class="node">
           <table>
            <tr>
             <td class="node" rowspan="1">
              Rdbl
             </td>
             <td>
              Asking for better/longer major
             </td>
            </tr>
           </table>
          </li>
          <li class="last node">
           <table>
            <tr>
             <td class="node" rowspan="1">
              2
              <span class="dcolor">
               ♦
              </span>
             </td>
             <td>
              5+
              <span class="dcolor">
               ♦
              </span>
              , suggestion to play
             </td>
            </tr>
           </table>
          </li>
         </ul>
        </li>
        <li class="last node">
         (P)
         <ul>
          <li class="last node">
           <table>
            <tr>
             <td class="node" rowspan="1">
              2
              <span class="dcolor">
               ♦
              </span>
             </td>
             <td>
              Asking for better/longer major
             </td>
            </tr>
           </table>
          </li>
         </ul>
        </li>
       </ul>
      </li>
      <li class="node">
       <table>
        <tr>
         <td class="node" rowspan="1">
          2
          <span class="dcolor">
           ♦
          </span>
         </td>
         <td>
          A weak major or a strong minor
         </td>
        </tr>
       </table>
      </li>
      <li class="node">
       <table>
        <tr>
         <td class="node" rowspan="1">
          2
          <span class="hcolor">
           ♥
          </span>
          <span class="scolor">
           ♠
          </span>
         </td>
         <td>
          Constructive
         </td>
        </tr>
       </table>
      </li>
      <li class="node">
       <table>
        <tr>
         <td class="node" rowspan="1">
          2NT
         </td>
         <td>
          5-5 minors
         </td>
        </tr>
       </table>
      </li>
      <li class="last node">
       <table>
        <tr>
         <td class="node" rowspan="1">
          3X
         </td>
         <td>
          Preemptive
         </td>
        </tr>
       </table>
      </li>
     </ul>
    </li>
   </ul>
  </div>
  <div class="tree">
   <ul>
    <li class="root">
     1NT–
     <ul>
      <li class="node">
       <table>
        <tr>
         <td class="node" rowspan="1">
          2
          <span class="ccolor">
           ♣
          </span>
         </td>
         <td>
          Stayman
         </td>
        </tr>
       </table>
      </li>
      <li class="node">
       <table>
        <tr>
         <td class="node" rowspan="1">
          2
          <span class="dcolor">
           ♦
          </span>
         </td>
         <td>
          Transfer
         </td>
        </tr>
       </table>
       <ul>
        <li class="node">
         <table>
          <tr>
           <td class="node" rowspan="1">
            2
            <span class="hcolor">
             ♥
            </span>
           </td>
           <td>
            Transfer accept
           </td>
          </tr>
         </table>
        </li>
        <li class="last node">
         <table>
          <tr>
           <td class="node" rowspan="1">
            3
            <span class="hcolor">
             ♥
            </span>
           </td>
           <td>
            Super accept
           </td>
          </tr>
         </table>
        </li>
       </ul>
      </li>
      <li class="last node">
       <table>
        <tr>
         <td class="node" rowspan="1">
          2
          <span class="hcolor">
           ♥
          </span>
         </td>
         <td>
          Transfer
         </td>
        </tr>
       </table>
       <ul>
        <li class="node">
         <table>
          <tr>
           <td class="node" rowspan="1">
            2
            <span class="scolor">
             ♠
            </span>
           </td>
           <td>
            Transfer accept
           </td>
          </tr>
         </table>
        </li>
        <li class="last node">
         <table>
          <tr>
           <td class="node" rowspan="1">
            3
            <span class="scolor">
             ♠
            </span>
           </td>
           <td>
            Super accept
           </td>
          </tr>
         </table>
        </li>
       </ul>
      </li>
     </ul>
    </li>
   </ul>
  </div>
  <h1>
   The 1
   <span class="ccolor">
    ♣
   </span>
   opening
  </h1>
  <p>
   Opening 1
   <span class="ccolor">
    ♣
   </span>
   shows at least 16+ hcp, and is forcing. The
continuation is fairly natural.
  </p>
  <p>
   Some hands might be upgraded to 1
   <span class="ccolor">
    ♣
   </span>
   due to distribution, but
wildly distributional hands might also be downgraded to avoid
problems if the opponents preempt.
  </p>
  <h2>
   The 1
   <span class="dcolor">
    ♦
   </span>
   negative
  </h2>
  <p>
   Responding 1
   <span class="dcolor">
    ♦
   </span>
   shows a hand which doesn't have enough values to
establish a game force.
  </p>
  <ul>
   <li>
    The first item in an unordered list
   </li>
   <li>
    The second item
   </li>
   <li>
    Etc..
   </li>
  </ul>
  <ol>
   <li>
    The first item in an ordered list
   </li>
   <li>
    The second item
   </li>
   <li>
    Etc..
   </li>
  </ol>
  <p>
   <em>
    Here's
   </em>
   <strong>
    an
   </strong>
   <code>
    example
   </code>
   (italic, bold, monospace)
  </p>
 </body>
</html>